// Jest Snapshot v1, https://goo.gl/fbAQLP

exports[`<ProgressBar.* /> <ProgressBar.Percentage /> should render correctly with all required props 1`] = `
<div
  className="progress-bar progress-bar--percentage"
>
  <div
    className="progress-bar__label"
  >
    100 / 1000
  </div>
  <div
    className="progress-bar__bar"
  >
    <div
      className="progress-bar__filler"
      style={
        Object {
          "width": "10%",
        }
      }
    />
  </div>
</div>
`;
